Microsoft Windows [Version 10.0.18363.836]
(c) 2019 Microsoft Corporation. All rights reserved.

C:\Users\Owner>cd documents

C:\Users\Owner\Documents>cd WDD331

C:\Users\Owner\Documents\WDD331>cd wdd331

C:\Users\Owner\Documents\WDD331\wdd331>cd final-project

C:\Users\Owner\Documents\WDD331\wdd331\final-project>npm install
npm WARN saveError ENOENT: no such file or directory, open 'C:\Users\Owner\package.json'
npm WARN enoent ENOENT: no such file or directory, open 'C:\Users\Owner\package.json'
npm WARN Owner No description
npm WARN Owner No repository field.
npm WARN Owner No README data
npm WARN Owner No license field.

audited 3 packages in 0.355s

2 packages are looking for funding
  run `npm fund` for details

found 0 vulnerabilities


C:\Users\Owner\Documents\WDD331\wdd331\final-project>npm run start
npm ERR! code ENOENT
npm ERR! syscall open
npm ERR! path C:\Users\Owner\package.json
npm ERR! errno -4058
npm ERR! enoent ENOENT: no such file or directory, open 'C:\Users\Owner\package.json'
npm ERR! enoent This is related to npm not being able to find a file.
npm ERR! enoent

npm ERR! A complete log of this run can be found in:
npm ERR!     C:\Users\Owner\AppData\Roaming\npm-cache\_logs\2020-05-22T07_30_01_997Z-debug.log

C:\Users\Owner\Documents\WDD331\wdd331\final-project>npm run start
npm ERR! code ENOENT
npm ERR! syscall open
npm ERR! path C:\Users\Owner\package.json
npm ERR! errno -4058
npm ERR! enoent ENOENT: no such file or directory, open 'C:\Users\Owner\package.json'
npm ERR! enoent This is related to npm not being able to find a file.
npm ERR! enoent

npm ERR! A complete log of this run can be found in:
npm ERR!     C:\Users\Owner\AppData\Roaming\npm-cache\_logs\2020-05-22T07_30_57_419Z-debug.log

C:\Users\Owner\Documents\WDD331\wdd331\final-project>cd style-guide-template

C:\Users\Owner\Documents\WDD331\wdd331\final-project\style-guide-template>cd src

C:\Users\Owner\Documents\WDD331\wdd331\final-project\style-guide-template\src>npm install

> deasync@0.1.15 install C:\Users\Owner\Documents\WDD331\wdd331\final-project\style-guide-template\node_modules\deasync
> node ./build.js

`win32-x64-node-12` exists; testing
Binary is fine; exiting

> core-js@2.6.10 postinstall C:\Users\Owner\Documents\WDD331\wdd331\final-project\style-guide-template\node_modules\core-js
> node postinstall || echo "ignore"

Thank you for using core-js ( https://github.com/zloirock/core-js ) for polyfilling JavaScript standard library!

The project needs your help! Please consider supporting of core-js on Open Collective or Patreon:
> https://opencollective.com/core-js
> https://www.patreon.com/zloirock

Also, the author of core-js ( https://github.com/zloirock ) is looking for a good job -)


> parcel-bundler@1.12.4 postinstall C:\Users\Owner\Documents\WDD331\wdd331\final-project\style-guide-template\node_modules\parcel-bundler
> node -e "console.log('\u001b[35m\u001b[1mLove Parcel? You can now donate to our open collective:\u001b[22m\u001b[39m\n > \u001b[34mhttps://opencollective.com/parcel/donate\u001b[0m')"

Love Parcel? You can now donate to our open collective:
 > https://opencollective.com/parcel/donate
npm WARN style-guide-template@1.0.0 No repository field.
npm WARN optional SKIPPING OPTIONAL DEPENDENCY: fsevents@1.2.9 (node_modules\fsevents):
npm WARN notsup SKIPPING OPTIONAL DEPENDENCY: Unsupported platform for fsevents@1.2.9: wanted {"os":"darwin","arch":"any"} (current: {"os":"win32","arch":"x64"})

added 714 packages from 523 contributors and audited 782 packages in 20.847s
found 301 vulnerabilities (297 low, 4 moderate)
  run `npm audit fix` to fix them, or `npm audit` for details

C:\Users\Owner\Documents\WDD331\wdd331\final-project\style-guide-template\src>npm run start

> style-guide-template@1.0.0 prestart C:\Users\Owner\Documents\WDD331\wdd331\final-project\style-guide-template
> rimraf build/*


> style-guide-template@1.0.0 start C:\Users\Owner\Documents\WDD331\wdd331\final-project\style-guide-template
> parcel src/index.html -d build/

Server running at http://localhost:58560 - configured port 1234 could not be used.
/ Building main.js...Browserslist: caniuse-lite is outdated. Please run next command `npm update`
- Building css-loader.js...Browserslist: caniuse-lite is outdated. Please run next command `npm update`
| Building hmr-runtime.js...Browserslist: caniuse-lite is outdated. Please run next command `npm update`
Browserslist: caniuse-lite is outdated. Please run next command `npm update`
√  Built in 2.62s.
Terminate batch job (Y/N)? y

C:\Users\Owner\Documents\WDD331\wdd331\final-project\style-guide-template\src>npm audit fix
npm WARN deprecated chokidar@2.1.8: Chokidar 2 will break on node v14+. Upgrade to chokidar 3 with 15x less dependencies.
npm WARN deprecated request@2.88.2: request has been deprecated, see https://github.com/request/request/issues/3142
npm WARN optional SKIPPING OPTIONAL DEPENDENCY: fsevents@~2.1.2 (node_modules\chokidar\node_modules\fsevents):
npm WARN notsup SKIPPING OPTIONAL DEPENDENCY: Unsupported platform for fsevents@2.1.3: wanted {"os":"darwin","arch":"any"} (current: {"os":"win32","arch":"x64"})
npm WARN style-guide-template@1.0.0 No repository field.
npm WARN optional SKIPPING OPTIONAL DEPENDENCY: fsevents@1.2.9 (node_modules\fsevents):
npm WARN notsup SKIPPING OPTIONAL DEPENDENCY: Unsupported platform for fsevents@1.2.9: wanted {"os":"darwin","arch":"any"} (current: {"os":"win32","arch":"x64"})

added 50 packages from 29 contributors, removed 5 packages and updated 50 packages in 12.888s

18 packages are looking for funding
  run `npm fund` for details

fixed 298 of 301 vulnerabilities in 782 scanned packages
  3 vulnerabilities required manual review and could not be updated

C:\Users\Owner\Documents\WDD331\wdd331\final-project\style-guide-template\src>